[run-dev] building frontend (tsc + vite build)...

> fermata@1.2.0 build F:\Code\20260917_gika
> tsc && vite build

vite v5.4.21 building for production...
transforming...
✓ 82 modules transformed.
rendering chunks...
computing gzip size...
dist/index.html                               0.41 kB │ gzip:  0.28 kB
dist/assets/MiSans-Regular-CUeDh4QH.woff2   906.98 kB
dist/assets/MiSans-Medium-BX4KsBeN.woff2    911.25 kB
dist/assets/MiSans-Semibold-DWkUmOah.woff2  917.39 kB
dist/assets/index-BVBqIhB6.css               43.97 kB │ gzip:  8.77 kB
dist/assets/index-IDA5rLmL.js               274.76 kB │ gzip: 85.71 kB
✓ built in 1.15s
[run-dev] building app binary (cargo, re-embeds dist)...
   Compiling fermata v1.2.0 (F:\Code\20260917_gika\src-tauri)
warning: unnecessary parentheses around function argument
  --> src\bin\seed.rs:99:44
   |
99 |             let created = at(off, start_h, (rng.below(60) as u32));
   |                                            ^                    ^
   |
   = note: `#[warn(unused_parens)]` (part of `#[warn(unused)]`) on by default
help: remove these parentheses
   |
99 -             let created = at(off, start_h, (rng.below(60) as u32));
99 +             let created = at(off, start_h, rng.below(60) as u32);
   |

warning: `fermata` (bin "seed") generated 1 warning (run `cargo fix --bin "seed" -p fermata` to apply 1 suggestion)
    Finished `dev` profile [unoptimized + debuginfo] target(s) in 13.07s
[run-dev] launching preview...
